// Jest Snapshot v1, https://goo.gl/fbAQLP

exports[`createPhaseTreeTasks builds a task tree from definition 1`] = `
Object {
  "default": Object {
    "asyncType": "series",
    "displayName": "default",
    "tasks": Array [
      Object {
        "asyncType": "series",
        "displayName": "installPhase",
        "tasks": Array [
          "task-fn",
          "task-fn",
          "task-fn",
        ],
      },
      Object {
        "asyncType": "series",
        "displayName": "runPhase",
        "tasks": Array [
          Object {
            "asyncType": "series",
            "displayName": "subInstallPhase",
            "tasks": Array [
              "task-fn",
              "task-fn",
              "task-fn",
            ],
          },
          Object {
            "asyncType": "series",
            "displayName": "subVerifyPhase",
            "tasks": Array [
              "task-fn",
              "task-fn",
              "task-fn",
            ],
          },
        ],
      },
      Object {
        "asyncType": "parallel",
        "displayName": "verifyPhase",
        "tasks": Array [
          "task-fn",
          "task-fn",
          "task-fn",
          "task-fn",
          "task-fn",
          "task-fn",
          "task-fn",
          "task-fn",
          "task-fn",
          "task-fn",
        ],
      },
    ],
  },
  "installPhase": Object {
    "asyncType": "series",
    "displayName": "installPhase",
    "tasks": Array [
      "task-fn",
      "task-fn",
      "task-fn",
    ],
  },
  "installPhase:install:alpha": [Function],
  "installPhase:install:bravo": [Function],
  "installPhase:install:charlie": [Function],
  "runPhase": Object {
    "asyncType": "series",
    "displayName": "runPhase",
    "tasks": Array [
      Object {
        "asyncType": "series",
        "displayName": "subInstallPhase",
        "tasks": Array [
          "task-fn",
          "task-fn",
          "task-fn",
        ],
      },
      Object {
        "asyncType": "series",
        "displayName": "subVerifyPhase",
        "tasks": Array [
          "task-fn",
          "task-fn",
          "task-fn",
        ],
      },
    ],
  },
  "subInstallPhase": Object {
    "asyncType": "series",
    "displayName": "subInstallPhase",
    "tasks": Array [
      "task-fn",
      "task-fn",
      "task-fn",
    ],
  },
  "subInstallPhase:install:delta": [Function],
  "subInstallPhase:install:echo": [Function],
  "subInstallPhase:install:foxtrot": [Function],
  "subVerifyPhase": Object {
    "asyncType": "series",
    "displayName": "subVerifyPhase",
    "tasks": Array [
      "task-fn",
      "task-fn",
      "task-fn",
    ],
  },
  "subVerifyPhase:verify:golf": [Function],
  "subVerifyPhase:verify:hotel": [Function],
  "subVerifyPhase:verify:india": [Function],
  "verifyPhase": Object {
    "asyncType": "parallel",
    "displayName": "verifyPhase",
    "tasks": Array [
      "task-fn",
      "task-fn",
      "task-fn",
      "task-fn",
      "task-fn",
      "task-fn",
      "task-fn",
      "task-fn",
      "task-fn",
      "task-fn",
    ],
  },
  "verifyPhase:verify:juliett": [Function],
  "verifyPhase:verify:kelo": [Function],
  "verifyPhase:verify:lima": [Function],
  "verifyPhase:verify:mike": [Function],
  "verifyPhase:verify:november": [Function],
  "verifyPhase:verify:oscar": [Function],
  "verifyPhase:verify:papa": [Function],
  "verifyPhase:verify:quebec": [Function],
  "verifyPhase:verify:romeo": [Function],
  "verifyPhase:verify:sierra": [Function],
}
`;
