// Jest Snapshot v1, https://goo.gl/fbAQLP

exports[`createTaskTree builds a task tree from definition 1`] = `
Object {
  "default": Object {
    "asyncType": "series",
    "displayName": "default",
    "tasks": Array [
      Object {
        "asyncType": "series",
        "displayName": "installPhase",
        "tasks": Array [
          "task-fn",
          "task-fn",
          "task-fn",
        ],
      },
      Object {
        "asyncType": "series",
        "displayName": "runPhase",
        "tasks": Array [
          Object {
            "asyncType": "series",
            "displayName": "runPhase:subInstallPhase",
            "tasks": Array [
              "task-fn",
              "task-fn",
              "task-fn",
            ],
          },
          Object {
            "asyncType": "series",
            "displayName": "runPhase:subRunPhase",
            "tasks": Array [
              Object {
                "asyncType": "series",
                "displayName": "runPhase:subRunPhase:subSubInstallPhase",
                "tasks": Array [
                  "task-fn",
                  "task-fn",
                  "task-fn",
                ],
              },
              Object {
                "asyncType": "series",
                "displayName": "runPhase:subRunPhase:subSubVerifyPhase",
                "tasks": Array [
                  "task-fn",
                  "task-fn",
                  "task-fn",
                ],
              },
            ],
          },
          Object {
            "asyncType": "series",
            "displayName": "runPhase:subVerifyPhase",
            "tasks": Array [
              "task-fn",
              "task-fn",
              "task-fn",
            ],
          },
        ],
      },
      Object {
        "asyncType": "parallel",
        "displayName": "verifyPhase",
        "tasks": Array [
          "task-fn",
          "task-fn",
          "task-fn",
          "task-fn",
        ],
      },
    ],
  },
  "installPhase": Object {
    "asyncType": "series",
    "displayName": "installPhase",
    "tasks": Array [
      "task-fn",
      "task-fn",
      "task-fn",
    ],
  },
  "installPhase:alpha": [Function],
  "installPhase:bravo": [Function],
  "installPhase:charlie": [Function],
  "runPhase": Object {
    "asyncType": "series",
    "displayName": "runPhase",
    "tasks": Array [
      Object {
        "asyncType": "series",
        "displayName": "runPhase:subInstallPhase",
        "tasks": Array [
          "task-fn",
          "task-fn",
          "task-fn",
        ],
      },
      Object {
        "asyncType": "series",
        "displayName": "runPhase:subRunPhase",
        "tasks": Array [
          Object {
            "asyncType": "series",
            "displayName": "runPhase:subRunPhase:subSubInstallPhase",
            "tasks": Array [
              "task-fn",
              "task-fn",
              "task-fn",
            ],
          },
          Object {
            "asyncType": "series",
            "displayName": "runPhase:subRunPhase:subSubVerifyPhase",
            "tasks": Array [
              "task-fn",
              "task-fn",
              "task-fn",
            ],
          },
        ],
      },
      Object {
        "asyncType": "series",
        "displayName": "runPhase:subVerifyPhase",
        "tasks": Array [
          "task-fn",
          "task-fn",
          "task-fn",
        ],
      },
    ],
  },
  "runPhase:subInstallPhase": Object {
    "asyncType": "series",
    "displayName": "runPhase:subInstallPhase",
    "tasks": Array [
      "task-fn",
      "task-fn",
      "task-fn",
    ],
  },
  "runPhase:subInstallPhase:delta": [Function],
  "runPhase:subInstallPhase:echo": [Function],
  "runPhase:subInstallPhase:foxtrot": [Function],
  "runPhase:subRunPhase": Object {
    "asyncType": "series",
    "displayName": "runPhase:subRunPhase",
    "tasks": Array [
      Object {
        "asyncType": "series",
        "displayName": "runPhase:subRunPhase:subSubInstallPhase",
        "tasks": Array [
          "task-fn",
          "task-fn",
          "task-fn",
        ],
      },
      Object {
        "asyncType": "series",
        "displayName": "runPhase:subRunPhase:subSubVerifyPhase",
        "tasks": Array [
          "task-fn",
          "task-fn",
          "task-fn",
        ],
      },
    ],
  },
  "runPhase:subRunPhase:subSubInstallPhase": Object {
    "asyncType": "series",
    "displayName": "runPhase:subRunPhase:subSubInstallPhase",
    "tasks": Array [
      "task-fn",
      "task-fn",
      "task-fn",
    ],
  },
  "runPhase:subRunPhase:subSubInstallPhase:golf": [Function],
  "runPhase:subRunPhase:subSubInstallPhase:hotel": [Function],
  "runPhase:subRunPhase:subSubInstallPhase:india": [Function],
  "runPhase:subRunPhase:subSubVerifyPhase": Object {
    "asyncType": "series",
    "displayName": "runPhase:subRunPhase:subSubVerifyPhase",
    "tasks": Array [
      "task-fn",
      "task-fn",
      "task-fn",
    ],
  },
  "runPhase:subRunPhase:subSubVerifyPhase:juliett": [Function],
  "runPhase:subRunPhase:subSubVerifyPhase:kelo": [Function],
  "runPhase:subRunPhase:subSubVerifyPhase:lima": [Function],
  "runPhase:subVerifyPhase": Object {
    "asyncType": "series",
    "displayName": "runPhase:subVerifyPhase",
    "tasks": Array [
      "task-fn",
      "task-fn",
      "task-fn",
    ],
  },
  "runPhase:subVerifyPhase:mike": [Function],
  "runPhase:subVerifyPhase:november": [Function],
  "runPhase:subVerifyPhase:oscar": [Function],
  "verifyPhase": Object {
    "asyncType": "parallel",
    "displayName": "verifyPhase",
    "tasks": Array [
      "task-fn",
      "task-fn",
      "task-fn",
      "task-fn",
    ],
  },
  "verifyPhase:papa": [Function],
  "verifyPhase:quebec": [Function],
  "verifyPhase:romeo": [Function],
  "verifyPhase:sierra": [Function],
}
`;
