// Jest Snapshot v1, https://goo.gl/fbAQLP

exports[`createPhaseTreeTasks builds a task tree from definition 1`] = `
Object {
  "default": Object {
    "asyncType": "series",
    "displayName": "default",
    "tasks": Array [
      Object {
        "asyncType": "series",
        "displayName": "installPhase",
        "tasks": Array [
          "task-fn",
          "task-fn",
          "task-fn",
        ],
      },
      Object {
        "asyncType": "series",
        "displayName": "runPhase",
        "tasks": Array [
          Object {
            "asyncType": "series",
            "displayName": "runPhase:subInstallPhase",
            "tasks": Array [
              "task-fn",
              "task-fn",
              "task-fn",
            ],
          },
          Object {
            "asyncType": "series",
            "displayName": "runPhase:subRunPhase",
            "tasks": Array [
              Object {
                "asyncType": "series",
                "displayName": "runPhase:subRunPhase:subSubInstallPhase",
                "tasks": Array [
                  "task-fn",
                  "task-fn",
                  "task-fn",
                ],
              },
              Object {
                "asyncType": "series",
                "displayName": "runPhase:subRunPhase:subSubVerifyPhase",
                "tasks": Array [
                  "task-fn",
                  "task-fn",
                  "task-fn",
                ],
              },
            ],
          },
          Object {
            "asyncType": "series",
            "displayName": "runPhase:subVerifyPhase",
            "tasks": Array [
              "task-fn",
              "task-fn",
              "task-fn",
            ],
          },
        ],
      },
      Object {
        "asyncType": "parallel",
        "displayName": "verifyPhase",
        "tasks": Array [
          "task-fn",
          "task-fn",
          "task-fn",
          "task-fn",
        ],
      },
    ],
  },
  "installPhase": Object {
    "asyncType": "series",
    "displayName": "installPhase",
    "tasks": Array [
      "task-fn",
      "task-fn",
      "task-fn",
    ],
  },
  "installPhase:install:alpha": [Function],
  "installPhase:install:bravo": [Function],
  "installPhase:install:charlie": [Function],
  "runPhase": Object {
    "asyncType": "series",
    "displayName": "runPhase",
    "tasks": Array [
      Object {
        "asyncType": "series",
        "displayName": "runPhase:subInstallPhase",
        "tasks": Array [
          "task-fn",
          "task-fn",
          "task-fn",
        ],
      },
      Object {
        "asyncType": "series",
        "displayName": "runPhase:subRunPhase",
        "tasks": Array [
          Object {
            "asyncType": "series",
            "displayName": "runPhase:subRunPhase:subSubInstallPhase",
            "tasks": Array [
              "task-fn",
              "task-fn",
              "task-fn",
            ],
          },
          Object {
            "asyncType": "series",
            "displayName": "runPhase:subRunPhase:subSubVerifyPhase",
            "tasks": Array [
              "task-fn",
              "task-fn",
              "task-fn",
            ],
          },
        ],
      },
      Object {
        "asyncType": "series",
        "displayName": "runPhase:subVerifyPhase",
        "tasks": Array [
          "task-fn",
          "task-fn",
          "task-fn",
        ],
      },
    ],
  },
  "runPhase:subInstallPhase": Object {
    "asyncType": "series",
    "displayName": "runPhase:subInstallPhase",
    "tasks": Array [
      "task-fn",
      "task-fn",
      "task-fn",
    ],
  },
  "runPhase:subInstallPhase:install:delta": [Function],
  "runPhase:subInstallPhase:install:echo": [Function],
  "runPhase:subInstallPhase:install:foxtrot": [Function],
  "runPhase:subRunPhase": Object {
    "asyncType": "series",
    "displayName": "runPhase:subRunPhase",
    "tasks": Array [
      Object {
        "asyncType": "series",
        "displayName": "runPhase:subRunPhase:subSubInstallPhase",
        "tasks": Array [
          "task-fn",
          "task-fn",
          "task-fn",
        ],
      },
      Object {
        "asyncType": "series",
        "displayName": "runPhase:subRunPhase:subSubVerifyPhase",
        "tasks": Array [
          "task-fn",
          "task-fn",
          "task-fn",
        ],
      },
    ],
  },
  "runPhase:subRunPhase:subSubInstallPhase": Object {
    "asyncType": "series",
    "displayName": "runPhase:subRunPhase:subSubInstallPhase",
    "tasks": Array [
      "task-fn",
      "task-fn",
      "task-fn",
    ],
  },
  "runPhase:subRunPhase:subSubInstallPhase:install:golf": [Function],
  "runPhase:subRunPhase:subSubInstallPhase:install:hotel": [Function],
  "runPhase:subRunPhase:subSubInstallPhase:install:india": [Function],
  "runPhase:subRunPhase:subSubVerifyPhase": Object {
    "asyncType": "series",
    "displayName": "runPhase:subRunPhase:subSubVerifyPhase",
    "tasks": Array [
      "task-fn",
      "task-fn",
      "task-fn",
    ],
  },
  "runPhase:subRunPhase:subSubVerifyPhase:verify:juliett": [Function],
  "runPhase:subRunPhase:subSubVerifyPhase:verify:kelo": [Function],
  "runPhase:subRunPhase:subSubVerifyPhase:verify:lima": [Function],
  "runPhase:subVerifyPhase": Object {
    "asyncType": "series",
    "displayName": "runPhase:subVerifyPhase",
    "tasks": Array [
      "task-fn",
      "task-fn",
      "task-fn",
    ],
  },
  "runPhase:subVerifyPhase:verify:mike": [Function],
  "runPhase:subVerifyPhase:verify:november": [Function],
  "runPhase:subVerifyPhase:verify:oscar": [Function],
  "verifyPhase": Object {
    "asyncType": "parallel",
    "displayName": "verifyPhase",
    "tasks": Array [
      "task-fn",
      "task-fn",
      "task-fn",
      "task-fn",
    ],
  },
  "verifyPhase:verify:papa": [Function],
  "verifyPhase:verify:quebec": [Function],
  "verifyPhase:verify:romeo": [Function],
  "verifyPhase:verify:sierra": [Function],
}
`;
